[Processing ./misc.thy]
module type T =
 sig
   type s
    
   (** predicate (=s=) : s -> s -> bool *)
   (**  assertion symmetric_s :  forall x:s, y:s,  x =s= y -> y =s= x
         
        assertion transitive_s : 
          forall x:s, y:s, z:s,  x =s= y /\ y =s= z -> x =s= z
   *)
    
   (** predicate ||s|| : s -> bool *)
   (**  assertion total_def_s :  forall x:s,  x : ||s|| <-> x =s= x
   *)
    
   type t
    
   (** predicate (=t=) : s -> t -> t -> bool *)
   (**  assertion strict_t :  forall x:s, y:t, z:t,  y =(t x)= z -> x : ||s||
         
        assertion extensional_t : 
          forall x:s, y:s, z:t, w:t,  x =s= y -> z =(t x)= w -> z =(t y)= w
         
        assertion symmetric_t : 
          forall x:s, y:t, z:t,  y =(t x)= z -> z =(t x)= y
         
        assertion transitive_t : 
          forall x:s, y:t, z:t, w:t,  y =(t x)= z /\ z =(t x)= w ->
            y =(t x)= w
   *)
    
   (** predicate ||t|| : s -> t -> bool *)
   (**  assertion total_def_t : 
          forall x:s, y:t,  y : ||t x|| <-> y =(t x)= y
   *)
    
   type www = t
    
   (** predicate ||www|| : s -> www -> bool *)
   (**  assertion www_def_support : 
          forall x:s, y:www,  y : ||www x|| <-> y : ||t x||
   *)
    
   (** predicate (=www=) : s -> www -> www -> bool *)
   (**  assertion www_def_per : 
          forall x:s, y:www, z:www,  y =(www x)= z <-> y =(t x)= z
   *)
    
   type u
    
   (** predicate (=u=) : s -> s -> u -> u -> bool *)
   (**  assertion strict_u : 
          forall x:s, y:s, z:u, w:u,  z =(u x y)= w -> x : ||s|| /\ y : ||s||
         
        assertion extensional_u : 
          forall x:s, y:s, z:s, w:s, x':u, y':u,  x =s= z /\ y =s= w ->
            x' =(u x y)= y' -> x' =(u z w)= y'
         
        assertion symmetric_u : 
          forall x:s, y:s, z:u, w:u,  z =(u x y)= w -> w =(u x y)= z
         
        assertion transitive_u : 
          forall x:s, y:s, z:u, w:u, x':u,  z =(u x y)= w /\ 
            w =(u x y)= x' -> z =(u x y)= x'
   *)
    
   (** predicate ||u|| : s -> s -> u -> bool *)
   (**  assertion total_def_u : 
          forall x:s, y:s, z:u,  z : ||u x y|| <-> z =(u x y)= z
   *)
    
   type wwww = u
    
   (** predicate ||wwww|| : s -> s -> wwww -> bool *)
   (**  assertion wwww_def_support : 
          forall x:s, y:s, z:wwww,  z : ||wwww x y|| <-> z : ||u x y||
   *)
    
   (** predicate (=wwww=) : s -> s -> wwww -> wwww -> bool *)
   (**  assertion wwww_def_per : 
          forall x:s, y:s, z:wwww, w:wwww,  z =(wwww x y)= w <->
            z =(u x y)= w
   *)
    
   val a : s -> s
   (**  assertion a_support :  a : ||s -> s||
   *)
    
   val b : s -> s
   (**  assertion b_support :  b : ||s -> s||
   *)
    
   val c : s
   (**  assertion c_support :  c : ||s||
   *)
    
   val d : s
   (**  assertion d_support :  d : ||s||
   *)
    
   val m : s -> s * [`or0 | `or1]
   (**  assertion m : 
          forall (x:||s||), 
            let (p,q) = m x in p : ||s|| /\ 
            (match q with
               `or0 => true 
             | `or1 => true 
             )
   *)
    
   val n : s
   (**  assertion n_def :  n : ||s|| /\ 
          n =s= (assure y:s, (y : ||s|| /\ (forall (y':||s||),  y =s= y'))
                   in y)
   *)
    
   type uu = t
    
   (** predicate ||uu|| : uu -> bool *)
   (**  assertion uu_def_support :  forall x:uu,  x : ||uu|| <-> x : ||t n||
   *)
    
   (** predicate (=uu=) : uu -> uu -> bool *)
   (**  assertion uu_def_per :  forall x:uu, y:uu,  x =uu= y <-> x =(t n)= y
   *)
    
   type q = s -> s
    
   (** predicate ||q|| : q -> bool *)
   (**  assertion q_def_support :  forall f:q,  f : ||q|| <-> f : ||s -> s||
   *)
    
   (** predicate (=q=) : q -> q -> bool *)
   (**  assertion q_def_per : 
          forall f:q, g:q,  f =q= g <->
            (forall x:s, y:s,  x =s= y -> f x =s= g y)
   *)
    
   val dd : q
   (**  assertion dd_def :  dd =q= a
   *)
    
   val yy : s * t * s
   (**  assertion yy_support :  pi0 yy : ||s|| /\ pi1 yy : ||t (pi0 yy)|| /\ 
          pi2 yy : ||s||
   *)
    
   val zz : s -> t -> s
   (**  assertion zz_support : 
          forall x:s, y:s,  x =s= y ->
            forall z:t, w:t,  z =(t x)= w -> zz x z =s= zz y w
   *)
    
   val ww : s -> s -> u
   (**  assertion ww_support : 
          forall x:s, y:s,  x =s= y ->
            forall z:s, w:s,  z =s= w -> ww x z =(u x z)= ww y w
   *)
    
   val yy0 : s
   (**  assertion yy0_def :  yy0 =s= pi0 yy
   *)
    
   val yy1 : t
   (**  assertion yy1_def :  yy1 =(t (pi0 yy))= pi1 yy
   *)
    
   val yy2 : s
   (**  assertion yy2_def :  yy2 =s= pi2 yy
   *)
    
   val wwcd : u
   (**  assertion wwcd_def :  wwcd =(u c d)= ww c d
   *)
 end
 
module type U =
 sig
   type s
    
   (** predicate (=s=) : s -> s -> bool *)
   (**  assertion symmetric_s :  forall x:s, y:s,  x =s= y -> y =s= x
         
        assertion transitive_s : 
          forall x:s, y:s, z:s,  x =s= y /\ y =s= z -> x =s= z
   *)
    
   (** predicate ||s|| : s -> bool *)
   (**  assertion total_def_s :  forall x:s,  x : ||s|| <-> x =s= x
   *)
    
   type t = s
    
   (** predicate ||t|| : t -> bool *)
   (**  assertion t_def_support :  forall x:t,  x : ||t|| <-> x : ||s||
   *)
    
   (** predicate (=t=) : t -> t -> bool *)
   (**  assertion t_def_per :  forall x:t, y:t,  x =t= y <-> x =s= y
   *)
    
   val n : s * s
   (**  assertion n_support :  n : ||s * s||
   *)
 end
 
module type Iteration =
 sig
   type a
    
   (** predicate (=a=) : a -> a -> bool *)
   (**  assertion symmetric_a :  forall x:a, y:a,  x =a= y -> y =a= x
         
        assertion transitive_a : 
          forall x:a, y:a, z:a,  x =a= y /\ y =a= z -> x =a= z
   *)
    
   (** predicate ||a|| : a -> bool *)
   (**  assertion total_def_a :  forall x:a,  x : ||a|| <-> x =a= x
   *)
    
   val x : a
   (**  assertion x_support :  x : ||a||
   *)
    
   val s : a -> a
   (**  assertion s_support :  s : ||a -> a||
   *)
 end
 
module type DenseLinearOrder =
 sig
   type s
    
   (** predicate (=s=) : s -> s -> bool *)
   (**  assertion symmetric_s :  forall x:s, y:s,  x =s= y -> y =s= x
         
        assertion transitive_s : 
          forall x:s, y:s, z:s,  x =s= y /\ y =s= z -> x =s= z
   *)
    
   (** predicate ||s|| : s -> bool *)
   (**  assertion total_def_s :  forall x:s,  x : ||s|| <-> x =s= x
   *)
    
   type ty_less
    
   (** predicate (<) : s -> s -> ty_less -> bool *)
   (**  assertion strict_(<) : 
          forall x:s, y:s, a:ty_less,  (<) x y a -> x : ||s|| /\ y : ||s||
         
        assertion extensional_(<) : 
          forall x:s, y:s, z:s, w:s, a:ty_less,  x =s= z /\ y =s= w ->
            (<) x y a -> (<) z w a
   *)
    
   
   (**  assertion irreflexive : 
          forall (x:||s||),  forall y:ty_less,  not ((<) x x y)
   *)
    
   val transitive : s -> s -> s -> ty_less * ty_less -> ty_less
   (**  assertion transitive : 
          forall (x:||s||, y:||s||, z:||s||), 
            forall p:ty_less * ty_less,  (<) x y (pi0 p) /\ 
              (<) y z (pi1 p) -> (<) x z (transitive x y z p)
   *)
    
   
   (**  assertion assymetric : 
          forall (x:||s||, y:||s||), 
            forall p:ty_less * ty_less, 
              not ((<) x y (pi0 p) /\ (<) y x (pi1 p))
   *)
    
   val linear : s -> s -> s -> ty_less -> [`or0 of ty_less | `or1 of ty_less]
   (**  assertion linear : 
          forall (x:||s||, y:||s||, z:||s||), 
            forall w:ty_less,  (<) x y w ->
              (match linear x y z w with
                 `or0(t:ty_less) => (<) x z t 
               | `or1(t:ty_less) => (<) z y t 
               )
   *)
    
   val dense : s -> s -> ty_less -> s * (ty_less * ty_less)
   (**  assertion dense : 
          forall (x:||s||, y:||s||), 
            forall z:ty_less,  (<) x y z ->
              let (p,q) = dense x y z in p : ||s|| /\ (<) x p (pi0 q) /\ 
              (<) p y (pi1 q)
   *)
 end
 
module type Sums =
 sig
   type s
    
   (** predicate (=s=) : s -> s -> bool *)
   (**  assertion symmetric_s :  forall x:s, y:s,  x =s= y -> y =s= x
         
        assertion transitive_s : 
          forall x:s, y:s, z:s,  x =s= y /\ y =s= z -> x =s= z
   *)
    
   (** predicate ||s|| : s -> bool *)
   (**  assertion total_def_s :  forall x:s,  x : ||s|| <-> x =s= x
   *)
    
   val a : s
   (**  assertion a_support :  a : ||s||
   *)
    
   val b : s
   (**  assertion b_support :  b : ||s||
   *)
    
   val c : s
   (**  assertion c_support :  c : ||s||
   *)
    
   type sum = [`yes of s | `no of unit | `maybe]
    
   (** predicate ||sum|| : sum -> bool *)
   (**  assertion sum_def_support : 
          forall i:sum,  i : ||sum|| <->
            (match i with
               `yes(x:s) => x : ||s|| 
             | `no(u:unit) => true 
             | `maybe => true 
             )
   *)
    
   (** predicate (=sum=) : sum -> sum -> bool *)
   (**  assertion sum_def_per : 
          forall i:sum, j:sum,  i =sum= j <->
            (match (i,j) with
               (`yes(x:s),`yes(y:s)) => x =s= y 
             | (`no(u:unit),`no(v:unit)) => true 
             | (`maybe,`maybe) => true 
             )
   *)
    
   val tmp1 : [`yes of s]
   (**  assertion tmp1_def : 
          match (tmp1,`yes a) with
            (`yes(x:s),`yes(y:s)) => x =s= y 
          
   *)
    
   val tmp2 : sum
   (**  assertion tmp2_def :  tmp2 =sum= tmp1
   *)
    
   val d : s * unit
   (**  assertion d_def : 
          pi0 d =s= pi0 (match tmp2 with
                           `yes(q:s) -> (q,()) 
                         | `no(r:unit) -> (c,r) 
                         | `maybe -> (a,()) 
                         ])
        *)
    
   val e : s
   (**  assertion e_def :  e =s= pi0 d
   *)
   end
 
module type TestSubset =
 sig
   type s
    
   (** predicate (=s=) : s -> s -> bool *)
   (**  assertion symmetric_s :  forall x:s, y:s,  x =s= y -> y =s= x
         
        assertion transitive_s : 
          forall x:s, y:s, z:s,  x =s= y /\ y =s= z -> x =s= z
   *)
    
   (** predicate ||s|| : s -> bool *)
   (**  assertion total_def_s :  forall x:s,  x : ||s|| <-> x =s= x
   *)
    
   type ty_p
    
   (** predicate p : s -> ty_p -> bool *)
   (**  assertion strict_p :  forall x:s, a:ty_p,  p x a -> x : ||s||
         
        assertion extensional_p : 
          forall x:s, y:s, a:ty_p,  x =s= y -> p x a -> p y a
   *)
    
   type ty_q
    
   (** predicate q : s * ty_p -> ty_q -> bool *)
   (**  assertion strict_q : 
          forall t:s * ty_p, a:ty_q,  q t a -> pi0 t : ||s|| /\ 
            p (pi0 t) (pi1 t)
         
        assertion extensional_q : 
          forall t:s * ty_p, u:s * ty_p, a:ty_q,  p (pi0 t) (pi1 t) /\ 
            p (pi0 u) (pi1 u) /\ pi0 t =s= pi0 u -> q t a -> q u a
   *)
    
   type ty_r
    
   (** predicate r : s -> s -> ty_r -> bool *)
   (**  assertion strict_r : 
          forall x:s, y:s, a:ty_r,  r x y a -> x : ||s|| /\ y : ||s||
         
        assertion extensional_r : 
          forall x:s, y:s, z:s, w:s, a:ty_r,  x =s= z /\ y =s= w ->
            r x y a -> r z w a
   *)
    
   type t = s * ty_r
    
   (** predicate ||t|| : t -> bool *)
   (**  assertion t_def_support : 
          forall u:t,  u : ||t|| <-> pi0 u : ||s|| /\ 
            r (pi0 u) (pi0 u) (pi1 u)
   *)
    
   (** predicate (=t=) : t -> t -> bool *)
   (**  assertion t_def_per : 
          forall u:t, p':t,  u =t= p' <-> r (pi0 u) (pi0 u) (pi1 u) /\ 
            r (pi0 p') (pi0 p') (pi1 p') /\ pi0 u =s= pi0 p'
   *)
    
   val c : t
   (**  assertion c_support :  c : ||t||
   *)
    
   val warning : ty_q
   (**  assertion warning : 
          q (pi0 c,(assure a:ty_p, (p (pi0 c) a) in a)) warning
   *)
    
   val foo : s -> ty_p -> ty_q
   (**  assertion foo : 
          forall (x:||s||), 
            forall y:ty_p,  p x y ->
              q (x,(assure a:ty_p, (p x a) in a)) (foo x y)
   *)
    
   val bar : s -> ty_p -> ty_q
   (**  assertion bar : 
          forall (x:||s||), 
            forall y:ty_p,  p x y ->
              q (x,(assure a:ty_p, (p x a) in a)) (bar x y)
   *)
    
   val baz : t -> ty_r
   (**  assertion baz :  forall (x:||t||),  r (pi0 x) (pi0 x) (baz x)
   *)
 end
 
module type Choice =
 sig
   type a
    
   (** predicate (=a=) : a -> a -> bool *)
   (**  assertion symmetric_a :  forall x:a, y:a,  x =a= y -> y =a= x
         
        assertion transitive_a : 
          forall x:a, y:a, z:a,  x =a= y /\ y =a= z -> x =a= z
   *)
    
   (** predicate ||a|| : a -> bool *)
   (**  assertion total_def_a :  forall x:a,  x : ||a|| <-> x =a= x
   *)
    
   type b
    
   (** predicate (=b=) : b -> b -> bool *)
   (**  assertion symmetric_b :  forall x:b, y:b,  x =b= y -> y =b= x
         
        assertion transitive_b : 
          forall x:b, y:b, z:b,  x =b= y /\ y =b= z -> x =b= z
   *)
    
   (** predicate ||b|| : b -> bool *)
   (**  assertion total_def_b :  forall x:b,  x : ||b|| <-> x =b= x
   *)
    
   type ty_r
    
   (** predicate r : a -> b -> ty_r -> bool *)
   (**  assertion strict_r : 
          forall x:a, y:b, c:ty_r,  r x y c -> x : ||a|| /\ y : ||b||
         
        assertion extensional_r : 
          forall x:a, y:b, z:a, w:b, c:ty_r,  x =a= z /\ y =b= w ->
            r x y c -> r z w c
   *)
    
   val choice : (a -> b * ty_r) -> (a -> b) * (a -> ty_r)
   (**  assertion choice : 
          forall f:a -> b * ty_r, 
            (forall (x:||a||),  let (p,q) = f x in p : ||b|| /\ r x p q) ->
            let (g,h) = choice f in g : ||a -> b|| /\ 
            (forall (x:||a||),  r x (g x) (h x))
   *)
    
   val intensionalChoice : (a -> b * ty_r) -> (a -> b) * (a -> ty_r)
   (**  assertion intensionalChoice : 
          forall f:a -> b * ty_r, 
            (forall (x:||a||),  let (p,q) = f x in p : ||b|| /\ r x p q) ->
            let (g,h) = intensionalChoice f
            in (forall x:a,  x : ||a|| -> g x : ||b||) /\ 
            (forall (x':||a||),  r x' (g x') (h x'))
   *)
 end
 
module type Quotients =
 sig
   type s
    
   (** predicate (=s=) : s -> s -> bool *)
   (**  assertion symmetric_s :  forall x:s, y:s,  x =s= y -> y =s= x
         
        assertion transitive_s : 
          forall x:s, y:s, z:s,  x =s= y /\ y =s= z -> x =s= z
   *)
    
   (** predicate ||s|| : s -> bool *)
   (**  assertion total_def_s :  forall x:s,  x : ||s|| <-> x =s= x
   *)
    
   (** predicate (<<) : s -> s -> bool *)
   (**  assertion strict_(<<) : 
          forall x:s, y:s,  (<<) x y -> x : ||s|| /\ y : ||s||
         
        assertion extensional_(<<) : 
          forall x:s, y:s, z:s, w:s,  x =s= z /\ y =s= w -> (<<) x y ->
            (<<) z w
   *)
    
   (** predicate r : s -> s -> bool *)
   (**  assertion strict_r : 
          forall x:s, y:s,  r x y -> x : ||s|| /\ y : ||s||
         
        assertion extensional_r : 
          forall x:s, y:s, z:s, w:s,  x =s= z /\ y =s= w -> r x y -> r z w
   *)
    
   
   (**  assertion equiv_r :  (forall (x:||s||),  r x x) /\ 
          (forall (x:||s||, y:||s||),  r x y -> r y x) /\ 
          (forall (x:||s||, y:||s||, z:||s||),  r x y /\ r y z -> r x z)
   *)
    
   
   (**  assertion reflexive :  forall (x:||s||),  (<<) x x
   *)
    
   
   (**  assertion transitive : 
          forall (x:||s||, y:||s||, z:||s||),  (<<) x y /\ (<<) y z ->
            (<<) x z
   *)
    
   (** predicate eq : s -> s -> bool *)
   (**  assertion eq_def : 
          forall (x:||s||, y:||s||),  eq x y <->
            (assure (forall (z:||s||),  (<<) z z) /\ 
                 (forall (z:||s||, w:||s||, t:||s||),  (<<) z w /\ 
                    (<<) w z /\ (<<) w t /\ (<<) t w -> (<<) z t /\ (<<) t z)
               in (<<) x y /\ (<<) y x)
   *)
    
   type s2 = s
    
   (** predicate ||s2|| : s2 -> bool *)
   (**  assertion s2_def_support :  forall x:s2,  x : ||s2|| <-> x : ||s||
   *)
    
   (** predicate (=s2=) : s2 -> s2 -> bool *)
   (**  assertion s2_def_per :  forall x:s2, y:s2,  x =s2= y <-> eq x y
   *)
    
   val surj : s -> s
   (**  assertion surj : 
          forall (e:||s||),  let p = surj e in p : ||s|| /\ r e p
   *)
    
   
   (**  assertion bar : 
          forall (f:||s -> s||, a:||s||, e:||s||), 
            r a (assure (forall x:s,  r e x -> f e =s= f x) in f e)
   *)
 end

