[Processing ./modelapp.thy]
module type A =
 sig
   type a
    
   (**{v predicate (=a=) : a -> a -> bool v}*)
   (**  {v assertion symmetric_a :  forall x:a, y:a,  x =a= y -> y =a= x v}
         
        {v assertion transitive_a : 
          forall x:a, y:a, z:a,  x =a= y /\ y =a= z -> x =a= z v}
   *)
    
   (**{v predicate ||a|| : a -> bool v}*)
   (**  {v assertion support_def_a :  forall x:a,  x : ||a|| <-> x =a= x v}
   *)
    
   val c : a
   (**  {v assertion c_support :  c : ||a|| v}
   *)
    
   module E : sig
                type e
                 
                (**{v predicate (=e=) : e -> e -> bool v}*)
                (**  {v assertion symmetric_e : 
                       forall x:e, y:e,  x =e= y -> y =e= x v}
                      
                     {v assertion transitive_e : 
                       forall x:e, y:e, z:e,  x =e= y /\ y =e= z -> x =e= z v}
                *)
                 
                (**{v predicate ||e|| : e -> bool v}*)
                (**  {v assertion support_def_e : 
                       forall x:e,  x : ||e|| <-> x =e= x v}
                *)
                 
                type f = e
                 
                (**{v predicate ||f|| : f -> bool v}*)
                (**  {v assertion f_def_support : 
                       forall x:f,  x : ||f|| <-> x : ||e|| v}
                *)
                 
                (**{v predicate (=f=) : f -> f -> bool v}*)
                (**  {v assertion f_def_per : 
                       forall x:f, y:f,  x =f= y <-> x =e= y v}
                *)
              end
 end
 
module type B =
 sig
   type a
    
   (**{v predicate (=a=) : a -> a -> bool v}*)
   (**  {v assertion symmetric_a :  forall x:a, y:a,  x =a= y -> y =a= x v}
         
        {v assertion transitive_a : 
          forall x:a, y:a, z:a,  x =a= y /\ y =a= z -> x =a= z v}
   *)
    
   (**{v predicate ||a|| : a -> bool v}*)
   (**  {v assertion support_def_a :  forall x:a,  x : ||a|| <-> x =a= x v}
   *)
    
   type b = a
    
   (**{v predicate ||b|| : b -> bool v}*)
   (**  {v assertion b_def_support :  forall x:b,  x : ||b|| <-> x : ||a|| v}
   *)
    
   (**{v predicate (=b=) : b -> b -> bool v}*)
   (**  {v assertion b_def_per :  forall x:b, y:b,  x =b= y <-> x =a= y v}
   *)
    
   type b'
    
   (**{v predicate (=b'=) : b' -> b' -> bool v}*)
   (**  {v assertion symmetric_b' : 
          forall x:b', y:b',  x =b'= y -> y =b'= x v}
         
        {v assertion transitive_b' : 
          forall x:b', y:b', z:b',  x =b'= y /\ y =b'= z -> x =b'= z v}
   *)
    
   (**{v predicate ||b'|| : b' -> bool v}*)
   (**  {v assertion support_def_b' : 
          forall x:b',  x : ||b'|| <-> x =b'= x v}
   *)
    
   val c : a
   (**  {v assertion c_support :  c : ||a|| v}
   *)
    
   val d : b
   (**  {v assertion d_support :  d : ||b|| v}
   *)
    
   module E : sig
                type e = a
                 
                (**{v predicate ||e|| : e -> bool v}*)
                (**  {v assertion e_def_support : 
                       forall x:e,  x : ||e|| <-> x : ||a|| v}
                *)
                 
                (**{v predicate (=e=) : e -> e -> bool v}*)
                (**  {v assertion e_def_per : 
                       forall x:e, y:e,  x =e= y <-> x =a= y v}
                *)
                 
                type f = b
                 
                (**{v predicate ||f|| : f -> bool v}*)
                (**  {v assertion f_def_support : 
                       forall x:f,  x : ||f|| <-> x : ||b|| v}
                *)
                 
                (**{v predicate (=f=) : f -> f -> bool v}*)
                (**  {v assertion f_def_per : 
                       forall x:f, y:f,  x =f= y <-> x =b= y v}
                *)
              end
 end
 
module type C =
 sig
   module BB : B
    
   module FF : functor (X : A) ->
               A
    
   type a = FF(BB).a
    
   (**{v predicate ||a|| : a -> bool v}*)
   (**  {v assertion a_def_support : 
          forall x:a,  x : ||a|| <-> x : ||FF(BB).a|| v}
   *)
    
   (**{v predicate (=a=) : a -> a -> bool v}*)
   (**  {v assertion a_def_per : 
          forall x:a, y:a,  x =a= y <-> x =FF(BB).a= y v}
   *)
 end

