[Processing ./set.thy]
module type T =
 sig
   type s
    
   (** predicate (=s=) : s -> s -> bool *)
   (**  Assertion symmetric_s =  forall x:s, y:s,  x =s= y -> y =s= x
         
        Assertion transitive_s = 
          forall x:s, y:s, z:s,  x =s= y /\ y =s= z -> x =s= z
   *)
    
   (** predicate ||s|| : s -> bool *)
   (**  Assertion total_def_s =  forall x:s,  x : ||s|| <-> x =s= x
   *)
 end

