[Processing shadow_boundvar.thy]
Reusing the fact w : ||s||
module type T = 
sig
  type s
  (**  Assertion per_s =  PER(=s=)
  *)
   
  val shadow : s -> s
  (**  Assertion shadow =  forall (x:||s||),  shadow x : ||s||
  *)
end


-------------------------------
WARNING:
Shadowing of x detected.
-------------------------------

