[Processing ./shadow_set.thy]
module type T =
 sig
   type s
    
   (**{v predicate (=s=) : s -> s -> bool v}*)
   (**  {v assertion symmetric_s :  forall x:s, y:s,  x =s= y -> y =s= x v}
         
        {v assertion transitive_s : 
          forall x:s, y:s, z:s,  x =s= y /\ y =s= z -> x =s= z v}
   *)
    
   (**{v predicate ||s|| : s -> bool v}*)
   (**  {v assertion support_def_s :  forall x:s,  x : ||s|| <-> x =s= x v}
   *)
 end

