[Processing shadow_boundvar.thy]
module type T = 
sig
  type s
  (**  Assertion per_s =  PER(=s=)
  *)
   
  val shadow : s -> s
  (**  Assertion shadow = 
         all (x:||s||).  shadow x : ||s|| and shadow x =s= shadow x
  *)
end


-------------------------------
WARNING:
Shadowing of x detected.
-------------------------------

