[Processing shadow_set.thy]

-------------------------------
TYPE ERROR:
Illegal shadowing; the name s appears twice in the same context,
and automatic renaming is not possible.

...in:  Parameter s : Set.

...in:  thy
Parameter s : Set.
Parameter s : Set.

end

...in:  Definition T := thy
Parameter s : Set.
Parameter s : Set.

end.

...in:  thy
Definition T := thy
Parameter s : Set.
Parameter s : Set.

end.

end

...in:  Parameter Shadow_set : thy
Definition T := thy
Parameter s : Set.
Parameter s : Set.

end.

end.

-------------------------------

Fatal error: exception Failure("Typechecking failed.")
