[Processing ./terms.thy]
module type Terms =
 sig
   type s
    
   (** predicate (=s=) : s -> s -> bool *)
   (**  Assertion symmetric_s =  forall x:s, y:s,  x =s= y -> y =s= x
         
        Assertion transitive_s = 
          forall x:s, y:s, z:s,  x =s= y /\ y =s= z -> x =s= z
   *)
    
   val a : s
   (**  Assertion a_support =  a : ||s||
   *)
    
   val b : s
   (**  Assertion b_support =  b : ||s||
   *)
    
   val c : s
   (**  Assertion c_support =  c : ||s||
   *)
    
   type ty_p
    
   (** predicate p : s -> ty_p -> bool *)
   (**  Assertion strict_p =  forall x:s, d:ty_p,  p x d -> x : ||s||
         
        Assertion extensional_p = 
          forall x:s, y:s, d:ty_p,  x =s= y -> p x d -> p y d
   *)
    
   val emptyTuple : unit
    
   val var : s
   (**  Assertion var_def =  var =s= a
   *)
    
   val tuple : s * s * s
   (**  Assertion tuple_def =  pi0 tuple =s= a /\ pi1 tuple =s= b /\ 
          pi2 tuple =s= c
   *)
    
   val proj : s
   (**  Assertion proj_def =  proj =s= b
   *)
    
   val g : (s -> s) -> s -> s
   (**  Assertion g_def = 
          forall f:s -> s, h:s -> s, 
            (forall x:s, y:s,  x =s= y -> f x =s= h y) ->
            forall x:s, y:s,  x =s= y -> g f x =s= h y
   *)
    
   val application : s -> s
   (**  Assertion application_def = 
          forall x:s, y:s,  x =s= y ->
            application x =s= g (fun x' : s => a) y
   *)
    
   val description : s * ty_p
   (**  Assertion description_def = 
          let x = assure x:s, d:ty_p.
                      (x : ||s|| /\ p x d /\ 
                       (forall (x':||s||), 
                          forall a':ty_p,  p x' a' -> x =s= x')) in (x,d)
          in p (pi0 description) (pi1 description) /\ p (pi0 x) (pi1 x) /\ 
          pi0 description =s= pi0 x
   *)
    
   val cases : s
   (**  Assertion cases_def =  cases =s= b
   *)
    
   val r : s
   (**  Assertion r_support =  r : ||s||
   *)
    
   val rzquot : s
   (**  Assertion rzquot_def =  rzquot =s= r
   *)
    
   val rzchoose : s
   (**  Assertion rzchoose_def =  rzchoose =s= a
   *)
    
   (** predicate eq : s -> s -> bool *)
   (**  Assertion strict_eq = 
          forall x:s, y:s,  eq x y -> x : ||s|| /\ y : ||s||
         
        Assertion extensional_eq = 
          forall x:s, y:s, z:s, w:s,  x =s= z /\ y =s= w -> eq x y -> eq z w
   *)
    
   
   (**  Assertion equiv_eq =  (forall (x:||s||),  eq x x) /\ 
          (forall (x:||s||, y:||s||),  eq x y -> eq y x) /\ 
          (forall (x:||s||, y:||s||, z:||s||),  eq x y /\ eq y z -> eq x z)
   *)
    
   val quot : s
   (**  Assertion quot_def =  eq quot a
   *)
    
   val choose_term : s
   (**  Assertion choose_term_def =  eq choose_term quot
   *)
    
   val let_term : s * s
   (**  Assertion let_term_def =  pi0 let_term =s= a /\ pi1 let_term =s= a
   *)
    
   val subin : s * ty_p
   (**  Assertion subin_def =  p (pi0 subin) (pi1 subin) /\ 
          p a (assure d:ty_p. (p a d) in d) /\ pi0 subin =s= a
   *)
    
   (** fishy *)
    
   val d : s * ty_p
   (**  Assertion d_support =  pi0 d : ||s|| /\ p (pi0 d) (pi1 d)
   *)
    
   val subout : s
   (**  Assertion subout_def =  subout =s= pi0 d
   *)
 end

