[Processing ./theoryapp.thy]
module type A =
 sig
   type a
    
   (** predicate (=a=) : a -> a -> bool *)
   (**  assertion symmetric_a :  forall x:a, y:a,  x =a= y -> y =a= x
         
        assertion transitive_a : 
          forall x:a, y:a, z:a,  x =a= y /\ y =a= z -> x =a= z
   *)
    
   (** predicate ||a|| : a -> bool *)
   (**  assertion total_def_a :  forall x:a,  x : ||a|| <-> x =a= x
   *)
    
   val n : a
   (**  assertion n_support :  n : ||a||
   *)
    
   val m : a
   (**  assertion m_def :  m =a= n
   *)
 end
 
module type B =
 sig
   type a
    
   (** predicate (=a=) : a -> a -> bool *)
   (**  assertion symmetric_a :  forall x:a, y:a,  x =a= y -> y =a= x
         
        assertion transitive_a : 
          forall x:a, y:a, z:a,  x =a= y /\ y =a= z -> x =a= z
   *)
    
   (** predicate ||a|| : a -> bool *)
   (**  assertion total_def_a :  forall x:a,  x : ||a|| <-> x =a= x
   *)
    
   val n : a
   (**  assertion n_support :  n : ||a||
   *)
    
   val p : a
   (**  assertion p_support :  p : ||a||
   *)
    
   val m : a
   (**  assertion m_def :  m =a= n
   *)
 end
 
module type C =
 functor (M : A) ->
 sig
   type b = M.a
    
   (** predicate ||b|| : b -> bool *)
   (**  assertion b_def_support :  forall x:b,  x : ||b|| <-> x : ||M.a||
   *)
    
   (** predicate (=b=) : b -> b -> bool *)
   (**  assertion b_def_per :  forall x:b, y:b,  x =b= y <-> x =M.a= y
   *)
    
   type c = M.a
    
   (** predicate ||c|| : c -> bool *)
   (**  assertion c_def_support :  forall x:c,  x : ||c|| <-> x : ||M.a||
   *)
    
   (** predicate (=c=) : c -> c -> bool *)
   (**  assertion c_def_per :  forall x:c, y:c,  x =c= y <-> x =M.a= y
   *)
 end
 
module X : B
 
module type D =
 sig
   type b = X.a
    
   (** predicate ||b|| : b -> bool *)
   (**  assertion b_def_support :  forall x:b,  x : ||b|| <-> x : ||X.a||
   *)
    
   (** predicate (=b=) : b -> b -> bool *)
   (**  assertion b_def_per :  forall x:b, y:b,  x =b= y <-> x =X.a= y
   *)
    
   type c = X.a
    
   (** predicate ||c|| : c -> bool *)
   (**  assertion c_def_support :  forall x:c,  x : ||c|| <-> x : ||X.a||
   *)
    
   (** predicate (=c=) : c -> c -> bool *)
   (**  assertion c_def_per :  forall x:c, y:c,  x =c= y <-> x =X.a= y
   *)
 end

